run_timestamp: 2026-02-10 13:50:10 +0900
script: code/01_california_main.R
mode: smoke
target: all
mode_purpose: Pipeline integrity check only (not a claim of final manuscript-scale numerical reproduction).
r_version: R version 4.2.3 (2023-03-15)
platform: Darwin 25.3.0 arm64
seed_contract: global set.seed(20251022) and sc_spillover seed=20251022
dependency_lock:
- Rcpp==1.0.12
- RcppArmadillo==0.12.4.1.0
- Matrix==1.6.0
- progress==1.2.2
- dplyr==1.1.2
- tidyr==1.3.0
- ggplot2==3.5.2
- stringr==1.5.0
- knitr==1.43
- rmarkdown==2.23
- kableExtra==1.4.0
- ggpattern==1.2.1
- purrr==1.0.1
- readr==2.1.4
- glue==1.6.2
- coda==0.19.4.1
- mcmcse==1.5.0
- posterior==1.6.1
--- script output ---

Attaching package: ‘dplyr’

The following objects are masked from ‘package:stats’:

    filter, lag

The following objects are masked from ‘package:base’:

    intersect, setdiff, setequal, union


Attaching package: ‘kableExtra’

The following object is masked from ‘package:dplyr’:

    group_rows

[seed-init] script=california_main global_seed=20251022 mode=smoke
[Step 1] Sampling alpha via BSCM (horseshoe prior)...
[Step 2] Sampling rho (and others) with fixed alpha_hat...
             parameter         mean         sd        q025          q50
8               sigma2 77.547455234 4.49211777 69.50468397 77.391333762
4        alpha[Nevada]  0.193805400 0.04514510  0.05992664  0.198915731
9          beta[beta1] -0.002351992 0.01601952 -0.03081397 -0.003433528
2     alpha[Tennessee] -0.245290804 0.16726098 -0.57967191 -0.243840423
7      alpha[Illinois]  0.096402675 0.11207226 -0.03835252  0.064832954
6 alpha[West Virginia]  0.117205160 0.09575713 -0.02572792  0.118091963
5       alpha[Montana]  0.133891153 0.13296587 -0.02872585  0.109406656
3   alpha[Connecticut]  0.240962079 0.17272008 -0.02592259  0.247766367
1                  rho  0.313039247 0.02765428  0.25203846  0.315830456
         q975        ess rhat_split
8 87.15343879 189.262080  1.0001056
4  0.26381870  60.625458  1.0017810
9  0.03145554  53.009190  1.0184793
2  0.01919293  51.934745  0.9996681
7  0.35905828  51.302532  1.0110863
6  0.29908658  49.678173  0.9998355
5  0.42353515  44.113758  1.0000079
3  0.58467592  33.912143  1.0105078
1  0.35645891   5.958008  1.0330289
[1] 0.313
 2.5% 97.5% 
0.252 0.356 
Warning messages:
1: In data.frame(..., check.names = FALSE) :
  row names were found from a short variable and have been discarded
2: In data.frame(..., check.names = FALSE) :
  row names were found from a short variable and have been discarded
3: In data.frame(..., check.names = FALSE) :
  row names were found from a short variable and have been discarded
           Statistic Observed_Value_h_y_obs P_Value_P_h_y_obs
1               Mean                131.500             0.897
2            log-Var                  6.984             0.671
3      Spatial Quad.              17844.720             0.797
4 Corr($Y_0$, $w'Y$)                  0.945             0.636
5              AC(1)                  0.894             0.978
6              AC(2)                  0.810             0.982
7           PVE(PC1)                  0.625             0.050
8           Skewness                 -0.396             0.481
9           Kurtosis                 -0.943             0.712
\begin{table}[!h]
\centering
\caption{\label{tab:tab:ca_ppa}Prior Predictive Analysis Summary Table (California)}
\centering
\begin{tabular}[t]{lrr}
\toprule
Statistic & Observed & $P(h \leq h(y°) | A)$\\
\midrule
Mean & 131.500 & 0.897\\
log-Var & 6.984 & 0.671\\
Spatial Quad. & 17844.720 & 0.797\\
Corr($Y\_0$, $w'Y$) & 0.945 & 0.636\\
AC(1) & 0.894 & 0.978\\
\addlinespace
AC(2) & 0.810 & 0.982\\
PVE(PC1) & 0.625 & 0.050\\
Skewness & -0.396 & 0.481\\
Kurtosis & -0.943 & 0.712\\
\bottomrule
\end{tabular}
\end{table}
This is posterior version 1.6.1

Attaching package: ‘posterior’

The following objects are masked from ‘package:stats’:

    mad, sd, var

The following objects are masked from ‘package:base’:

    %in%, match

            param          mean         sd    ess_coda ess_bulk ess_tail
1         Alabama  0.0221349989 0.08459211  611.872071 102.0116 78.79551
2        Arkansas -0.0009246501 0.05245014 1352.457211 102.0116 78.79551
3        Colorado  0.0176732502 0.05212950  328.250298 102.0116 78.79551
4     Connecticut  0.2409620787 0.17272008  144.299247 102.0116 78.79551
5        Delaware  0.0179189948 0.05241746  694.889661 102.0116 78.79551
6         Georgia -0.0101670459 0.11434411  430.608381 102.0116 78.79551
7           Idaho  0.0149032167 0.06172387  479.027399 102.0116 78.79551
8        Illinois  0.0964026745 0.11207226  185.934673 102.0116 78.79551
9         Indiana -0.0281388386 0.04251144  175.540206 102.0116 78.79551
10           Iowa  0.0072189275 0.03686638 1087.938684 102.0116 78.79551
11         Kansas  0.0432980614 0.05635299  647.297022 102.0116 78.79551
12       Kentucky  0.0109859899 0.03394562  273.731867 102.0116 78.79551
13      Louisiana  0.0140707613 0.07165151  728.592240 102.0116 78.79551
14          Maine  0.0471992213 0.07477783  201.449155 102.0116 78.79551
15      Minnesota -0.0064426865 0.03846776 1111.135539 102.0116 78.79551
16    Mississippi -0.0439370128 0.11241248  281.413171 102.0116 78.79551
17       Missouri  0.0131321245 0.12215413  717.392190 102.0116 78.79551
18        Montana  0.1338911531 0.13296587  164.816868 102.0116 78.79551
19       Nebraska  0.0366520601 0.11149653  319.686491 102.0116 78.79551
20         Nevada  0.1938054004 0.04514510  165.753616 102.0116 78.79551
21  New Hampshire  0.0012662947 0.01469971 1082.933786 102.0116 78.79551
22     New Mexico  0.0242569945 0.10132439  247.157422 102.0116 78.79551
23 North Carolina  0.0183996001 0.03864731  189.455163 102.0116 78.79551
24   North Dakota -0.0126884502 0.05437942  344.446044 102.0116 78.79551
25           Ohio  0.0445148862 0.16658439  132.267786 102.0116 78.79551
26       Oklahoma -0.0047365074 0.05342343 1378.367178 102.0116 78.79551
27   Pennsylvania  0.0020861637 0.06720232 1295.895583 102.0116 78.79551
28   Rhode Island  0.0309912516 0.04834986  427.455128 102.0116 78.79551
29 South Carolina  0.0053416901 0.06551964 1388.604747 102.0116 78.79551
30   South Dakota  0.0138467274 0.05958200  975.642187 102.0116 78.79551
31      Tennessee -0.2452908045 0.16726098  106.716256 102.0116 78.79551
32          Texas -0.0057995001 0.06524073 1186.831311 102.0116 78.79551
33           Utah  0.0391130140 0.07930430  824.187464 102.0116 78.79551
34        Vermont -0.0042638521 0.02991536  809.321187 102.0116 78.79551
35       Virginia  0.0194192021 0.06598660  791.199378 102.0116 78.79551
36  West Virginia  0.1172051597 0.09575713  151.466212 102.0116 78.79551
37      Wisconsin  0.0205834641 0.07138183  998.748695 102.0116 78.79551
38        Wyoming  0.0040043612 0.02489013 1450.017842 102.0116 78.79551
39                 0.3130392474 0.02765428    6.016215 102.0116 78.79551
        ess_bm    mcse_mean  acf_lag1     rhat
1   736.830506 0.0031163488 0.5215060 1.285444
2  1235.226663 0.0014923590 0.2105395 1.285444
3   330.540651 0.0028672868 0.5373606 1.285444
4   139.281795 0.0146350985 0.7500577 1.285444
5   758.466448 0.0019033024 0.3662523 1.285444
6   504.959549 0.0050884498 0.5058808 1.285444
7   477.655203 0.0028242028 0.5402988 1.285444
8   176.968499 0.0084246165 0.7211698 1.285444
9   185.325937 0.0031227539 0.6856328 1.285444
10  972.407166 0.0011822421 0.2660711 1.285444
11  557.893481 0.0023858401 0.4715254 1.285444
12  417.548024 0.0016612329 0.5330327 1.285444
13  806.756341 0.0025226334 0.3486896 1.285444
14  255.549676 0.0046777302 0.5963046 1.285444
15  922.006407 0.0012668638 0.3235848 1.285444
16  205.288562 0.0078457081 0.6844092 1.285444
17  790.666264 0.0043442176 0.3584462 1.285444
18  145.083168 0.0110390487 0.7877679 1.285444
19  307.745237 0.0063557333 0.5731788 1.285444
20  178.290583 0.0033810093 0.6837897 1.285444
21  948.904265 0.0004771970 0.3434711 1.285444
22  276.591327 0.0060924885 0.5570981 1.285444
23  158.293464 0.0030717631 0.7408301 1.285444
24  547.649411 0.0023237171 0.3891119 1.285444
25  199.324458 0.0117992395 0.6909734 1.285444
26 1269.768264 0.0014992344 0.3712515 1.285444
27 1163.611259 0.0019700640 0.2990440 1.285444
28  416.769891 0.0023683563 0.5313558 1.285444
29 1163.829368 0.0019205553 0.2994698 1.285444
30  856.134429 0.0020363110 0.3454293 1.285444
31  119.039201 0.0153302644 0.7974550 1.285444
32  996.619946 0.0020665887 0.3113283 1.285444
33  757.695690 0.0028810404 0.3716925 1.285444
34 1309.207847 0.0008267799 0.2057550 1.285444
35  714.046675 0.0024694056 0.4075906 1.285444
36  150.077897 0.0078165073 0.7407323 1.285444
37 1086.956279 0.0021651183 0.2675835 1.285444
38 1419.469395 0.0006606390 0.2356856 1.285444
39    7.578255 0.0100456426 0.9959959 1.285444
