run_timestamp: 2026-02-10 13:51:06 +0900
script: code/02_sudan_main.R
mode: smoke
target: all
mode_purpose: Pipeline integrity check only (not a claim of final manuscript-scale numerical reproduction).
r_version: R version 4.2.3 (2023-03-15)
platform: Darwin 25.3.0 arm64
seed_contract: global set.seed(20251022) and sc_spillover seed=20251022
dependency_lock:
- Rcpp==1.0.12
- RcppArmadillo==0.12.4.1.0
- Matrix==1.6.0
- progress==1.2.2
- dplyr==1.1.2
- tidyr==1.3.0
- ggplot2==3.5.2
- stringr==1.5.0
- knitr==1.43
- rmarkdown==2.23
- kableExtra==1.4.0
- ggpattern==1.2.1
- purrr==1.0.1
- readr==2.1.4
- glue==1.6.2
- coda==0.19.4.1
- mcmcse==1.5.0
- posterior==1.6.1
--- script output ---

Attaching package: ‘dplyr’

The following objects are masked from ‘package:stats’:

    filter, lag

The following objects are masked from ‘package:base’:

    intersect, setdiff, setequal, union


Attaching package: ‘kableExtra’

The following object is masked from ‘package:dplyr’:

    group_rows

[seed-init] script=sudan_main global_seed=20251022 mode=smoke
[Step 1] Sampling alpha via BSCM (horseshoe prior)...
[Step 2] Sampling rho (and others) with fixed alpha_hat...
                         parameter          mean           sd          q025
10                     beta[beta2]  1.480026e-03 1.367118e-03 -1.167999e-03
9                      beta[beta1] -5.273463e-04 1.008864e-03 -2.523397e-03
8                           sigma2  4.649228e+04 3.691691e+03  3.966854e+04
11                     beta[beta3] -1.546735e-03 8.543938e-04 -3.172012e-03
14                     beta[beta6]  7.632140e-04 1.310027e-03 -1.770937e-03
12                     beta[beta4]  1.835599e-03 1.253083e-03 -6.666332e-04
13                     beta[beta5] -1.901496e-03 1.664606e-03 -5.217221e-03
7  alpha[Central African Republic] -1.149875e-01 2.434640e-01 -7.633552e-01
6                     alpha[Niger]  1.290894e-01 3.948016e-01 -4.790371e-01
4                     alpha[Benin]  2.044442e-01 3.429349e-01 -1.894976e-01
2                   alpha[Burundi]  2.780760e-01 8.173413e-01 -1.106494e+00
5          alpha[Congo, Dem. Rep.] -1.583753e-01 3.943214e-01 -1.263888e+00
3                  alpha[Cameroon]  2.705987e-01 3.458860e-01 -8.613164e-02
1                              rho  5.393258e-01 3.621589e-02  4.795992e-01
             q50         q975        ess rhat_split
10  1.472086e-03 4.154410e-03 598.538284  0.9998335
9  -5.212458e-04 1.427557e-03 553.711770  0.9998460
8   4.635124e+04 5.414032e+04 512.115402  1.0002137
11 -1.533915e-03 1.052087e-04 465.943817  0.9998706
14  7.780373e-04 3.360419e-03 455.433380  0.9998397
12  1.836013e-03 4.278287e-03 408.526900  0.9999766
13 -1.877949e-03 1.369824e-03 407.263522  0.9999297
7  -3.611780e-02 1.977405e-01 340.984061  0.9998590
6   3.484865e-02 1.150370e+00 335.426542  0.9998376
4   7.341071e-02 1.116764e+00 222.060195  0.9998877
2   8.284763e-02 2.392867e+00 195.926707  1.0055720
5  -2.714770e-02 3.659443e-01 166.024193  1.0109575
3   1.123558e-01 1.081969e+00 105.930960  1.0008794
1   5.364489e-01 6.103067e-01   8.165627  1.0039262
[1] 0.539
 2.5% 97.5% 
 0.48  0.61 
Warning messages:
1: In data.frame(..., check.names = FALSE) :
  row names were found from a short variable and have been discarded
2: In data.frame(..., check.names = FALSE) :
  row names were found from a short variable and have been discarded
3: In data.frame(..., check.names = FALSE) :
  row names were found from a short variable and have been discarded
  a0  b0 rho_lo rho_hi step_rho   param          mean           sd
1  3 1.0   -0.5    0.5     0.05     rho  2.393271e-05 1.152674e-05
2  3 1.0   -0.5    0.5     0.05  sigma2  8.092891e-03 3.075732e-03
3  3 1.0   -0.5    0.5     0.05 beta[1]  9.999835e-01 8.069781e-06
4  5 1.0   -0.3    0.3     0.03     rho -1.337756e-05 1.017466e-05
5  5 1.0   -0.3    0.3     0.03  sigma2  6.445213e-03 1.100530e-03
6  5 1.0   -0.3    0.3     0.03 beta[1]  1.000009e+00 7.167304e-06
7  2 0.5   -0.7    0.7     0.07     rho -4.173827e-06 0.000000e+00
8  2 0.5   -0.7    0.7     0.07  sigma2  2.811111e-03 2.076449e-04
9  2 0.5   -0.7    0.7     0.07 beta[1]  1.000003e+00 8.439857e-07
           q025          q975
1  1.894380e-05  5.075269e-05
2  5.914098e-03  1.622572e-02
3  9.999630e-01  9.999893e-01
4 -2.356137e-05 -1.098380e-06
5  4.835014e-03  8.403613e-03
6  9.999992e-01  1.000019e+00
7 -4.173827e-06 -4.173827e-06
8  2.432387e-03  3.245733e-03
9  1.000001e+00  1.000005e+00
           Statistic Observed_Value_h_y_obs P_Value_P_h_y_obs
1               Mean               2142.779             0.807
2            log-Var                 15.666             0.617
3      Spatial Quad.            7464968.100             0.619
4 Corr($Y_0$, $w'Y$)                  0.799             0.747
5              AC(1)                  0.892             0.346
6              AC(2)                  0.786             0.292
7           PVE(PC1)                  0.823             0.507
8           Skewness                  0.145             0.924
9           Kurtosis                 -1.312             0.496
\begin{table}[!h]
\centering
\caption{\label{tab:tab:sudan_ppa}Prior Predictive Analysis Summary Table (Sudan Split)}
\centering
\begin{tabular}[t]{lrr}
\toprule
Statistic & Observed & $P(h \leq h(y^{o}) | A)$\\
\midrule
Mean & 2142.779 & 0.807\\
log-Var & 15.666 & 0.617\\
Spatial Quad. & 7464968.100 & 0.619\\
Corr($Y\_0$, $w'Y$) & 0.799 & 0.747\\
AC(1) & 0.892 & 0.346\\
\addlinespace
AC(2) & 0.786 & 0.292\\
PVE(PC1) & 0.823 & 0.507\\
Skewness & 0.145 & 0.924\\
Kurtosis & -1.312 & 0.496\\
\bottomrule
\end{tabular}
\end{table}
This is posterior version 1.6.1

Attaching package: ‘posterior’

The following objects are masked from ‘package:stats’:

    mad, sd, var

The following objects are masked from ‘package:base’:

    %in%, match

                      param          mean          sd    ess_coda ess_bulk
1                   Algeria  0.0213219358 0.058683018  214.410925 150.7618
2                     Benin  0.2044441590 0.342934870  549.202519 150.7618
3                  Botswana  0.0369354355 0.029253128  224.738037 150.7618
4              Burkina Faso  0.0572554407 0.313995120  474.259715 150.7618
5                   Burundi  0.2780759910 0.817341335  642.258831 150.7618
6                Cabo Verde -0.0030679004 0.031938952  529.720775 150.7618
7                  Cameroon  0.2705986868 0.345885986  310.068515 150.7618
8  Central African Republic -0.1149875375 0.243463998 1046.192497 150.7618
9                      Chad  0.0094681373 0.042834505 1234.109372 150.7618
10         Congo, Dem. Rep. -0.1583753272 0.394321431  741.894091 150.7618
11              Congo, Rep. -0.0105889571 0.043645407 1267.981848 150.7618
12            Cote d'Ivoire -0.0957485303 0.114760251  398.103953 150.7618
13         Egypt, Arab Rep. -0.0311714577 0.079820413  151.224972 150.7618
14                    Gabon  0.0005447944 0.011043278 2374.047696 150.7618
15              Gambia, The -0.0811655053 0.228537935  426.315174 150.7618
16                    Ghana -0.0192188988 0.097554655 1601.101828 150.7618
17            Guinea-Bissau  0.0537026984 0.295810563 1093.707997 150.7618
18                    Kenya -0.0014969606 0.094800053 3273.072826 150.7618
19               Madagascar  0.0650391097 0.165166513 1392.964021 150.7618
20                     Mali  0.0833008462 0.170106644  778.206866 150.7618
21               Mauritania  0.0170046667 0.044508981  752.692597 150.7618
22                Mauritius -0.0028987635 0.017397935 1137.257471 150.7618
23                  Morocco  0.0123510025 0.052724502 1508.794905 150.7618
24                    Niger  0.1290893716 0.394801597 1521.816262 150.7618
25                   Rwanda -0.0013480358 0.116639891 2716.468509 150.7618
26                  Senegal  0.0774082962 0.235199650  565.577785 150.7618
27               Seychelles  0.0002560633 0.006389413 1572.051153 150.7618
28             South Africa  0.1018200427 0.123157590  130.511560 150.7618
29                 Tanzania  0.0003997059 0.159689358 1788.566868 150.7618
30                     Togo -0.0151633676 0.165982543  345.512988 150.7618
31                  Tunisia -0.0003927948 0.040323199 1425.444368 150.7618
32                   Uganda -0.0280210030 0.181076164  401.109204 150.7618
33                   Zambia -0.0431609889 0.137715745  568.477428 150.7618
34                           0.5393257669 0.036215887    9.715716 150.7618
   ess_tail      ess_bm    mcse_mean  acf_lag1    rhat
1  104.2647  246.183435 0.0037400984 0.7718279 1.25523
2  104.2647  508.146235 0.0152130850 0.6633946 1.25523
3  104.2647  248.369929 0.0018561916 0.7814193 1.25523
4  104.2647  532.351821 0.0136089158 0.5231209 1.25523
5  104.2647  614.354924 0.0329756824 0.5839829 1.25523
6  104.2647  471.799534 0.0014704217 0.6207310 1.25523
7  104.2647  267.332163 0.0211547238 0.8003147 1.25523
8  104.2647 1061.923220 0.0074711626 0.5291297 1.25523
9  104.2647 1369.363106 0.0011575358 0.4569180 1.25523
10 104.2647  609.302899 0.0159747385 0.5906363 1.25523
11 104.2647 1200.279511 0.0012597877 0.3951644 1.25523
12 104.2647  325.181415 0.0063639774 0.7426227 1.25523
13 104.2647  197.321645 0.0056823321 0.7905056 1.25523
14 104.2647 2015.421217 0.0002459887 0.2442981 1.25523
15 104.2647  572.634639 0.0095503545 0.5717425 1.25523
16 104.2647 1528.911718 0.0024949210 0.4386978 1.25523
17 104.2647 1296.774245 0.0082145067 0.3698144 1.25523
18 104.2647 2875.870904 0.0017677624 0.1986353 1.25523
19 104.2647 1159.564176 0.0048503671 0.4515063 1.25523
20 104.2647  738.515175 0.0062595277 0.5356010 1.25523
21 104.2647  790.325181 0.0015832327 0.5131865 1.25523
22 104.2647 1035.255800 0.0005407218 0.5184252 1.25523
23 104.2647 1237.232903 0.0014989487 0.4417465 1.25523
24 104.2647 1440.559661 0.0104019144 0.3961338 1.25523
25 104.2647 2631.938665 0.0022735747 0.2214328 1.25523
26 104.2647  658.396318 0.0091662769 0.5759528 1.25523
27 104.2647 1812.789633 0.0001500677 0.3025922 1.25523
28 104.2647  124.299753 0.0110465344 0.9046704 1.25523
29 104.2647 1646.243533 0.0039357630 0.3357207 1.25523
30 104.2647  438.073614 0.0079302863 0.5848106 1.25523
31 104.2647 1270.430500 0.0011313045 0.5423938 1.25523
32 104.2647  505.751260 0.0080517967 0.5733357 1.25523
33 104.2647  456.175614 0.0064478892 0.6534820 1.25523
34 104.2647    9.140073 0.0119791027 0.9967661 1.25523
