run_timestamp: 2026-02-11 17:59:38 +0900
script: code/01_california_main.R
mode: smoke
target: main
mode_purpose: Pipeline integrity check only (not a claim of final manuscript-scale numerical reproduction).
r_version: R version 4.5.0 (2025-04-11)
platform: Darwin 25.3.0 arm64
seed_contract: global set.seed(20251022) and sc_spillover seed=20251022
dependency_lock:
- Rcpp==1.0.12
- RcppArmadillo==0.12.4.1.0
- Matrix==1.6.0
- progress==1.2.2
- dplyr==1.1.2
- tidyr==1.3.0
- ggplot2==3.5.2
- stringr==1.5.0
- knitr==1.43
- rmarkdown==2.23
- kableExtra==1.4.0
- ggpattern==1.2.1
- purrr==1.0.1
- readr==2.1.4
- glue==1.6.2
- coda==0.19.4.1
- mcmcse==1.5.0
- posterior==1.6.1
--- script output ---

Attaching package: ‘dplyr’

The following objects are masked from ‘package:stats’:

    filter, lag

The following objects are masked from ‘package:base’:

    intersect, setdiff, setequal, union


Attaching package: ‘kableExtra’

The following object is masked from ‘package:dplyr’:

    group_rows

[seed-init] script=california_main global_seed=20251022 mode=smoke
[Step 1] Sampling alpha via BSCM (horseshoe prior)...
[Step 2] Sampling rho (and others) with fixed alpha_hat...
             parameter         mean         sd        q025          q50
8               sigma2 77.547455226 4.49211777 69.50468396 77.391333755
4        alpha[Nevada]  0.193805427 0.04514509  0.05992664  0.198917857
9          beta[beta1] -0.002351992 0.01601952 -0.03081397 -0.003433528
2     alpha[Tennessee] -0.245291258 0.16726106 -0.57967192 -0.243840423
7      alpha[Illinois]  0.096402439 0.11207226 -0.03835250  0.064832955
6 alpha[West Virginia]  0.117205691 0.09575737 -0.02572792  0.118090574
5       alpha[Montana]  0.133890463 0.13296561 -0.02872585  0.109406656
3   alpha[Connecticut]  0.240962127 0.17272007 -0.02592259  0.247766314
1                  rho  0.313039247 0.02765428  0.25203846  0.315830456
         q975        ess rhat_split
8 87.15343878 189.262080  1.0001056
4  0.26381870  60.625730  1.0017811
9  0.03145554  53.009190  1.0184793
2  0.01919293  51.934234  0.9996681
7  0.35905828  51.302391  1.0110859
6  0.29908658  49.677483  0.9998357
5  0.42353516  44.113620  1.0000081
3  0.58467592  33.912153  1.0105077
1  0.35645891   5.958008  1.0330289
Synced paper table template: ca_diag_table.tex
[1] 0.313
 2.5% 97.5% 
0.252 0.356 
Warning messages:
1: In data.frame(..., check.names = FALSE) :
  row names were found from a short variable and have been discarded
2: In data.frame(..., check.names = FALSE) :
  row names were found from a short variable and have been discarded
3: In data.frame(..., check.names = FALSE) :
  row names were found from a short variable and have been discarded
Synced paper table template: ca_sens_table.tex
           Statistic Observed_Value_h_y_obs P_Value_P_h_y_obs
1               Mean                131.500             0.897
2            log-Var                  6.984             0.671
3      Spatial Quad.              17844.720             0.797
4 Corr($Y_0$, $w'Y$)                  0.945             0.636
5              AC(1)                  0.894             0.978
6              AC(2)                  0.810             0.982
7           PVE(PC1)                  0.625             0.050
8           Skewness                 -0.396             0.481
9           Kurtosis                 -0.943             0.712
Synced paper table template: ca_ppa_summary_table.tex
\begin{table}[!h]
\centering
\caption{\label{tab:tab:ca_ppa}Prior Predictive Analysis Summary Table (California)}
\centering
\begin{tabular}[t]{lrr}
\toprule
Statistic & Observed & $P(h \leq h(y^{o}) | A)$\\
\midrule
Mean & 131.500 & 0.897\\
log-Var & 6.984 & 0.671\\
Spatial Quad. & 17844.720 & 0.797\\
Corr($Y\_0$, $w'Y$) & 0.945 & 0.636\\
AC(1) & 0.894 & 0.978\\
\addlinespace
AC(2) & 0.810 & 0.982\\
PVE(PC1) & 0.625 & 0.050\\
Skewness & -0.396 & 0.481\\
Kurtosis & -0.943 & 0.712\\
\bottomrule
\end{tabular}
\end{table}
This is posterior version 1.6.1

Attaching package: ‘posterior’

The following objects are masked from ‘package:stats’:

    mad, sd, var

The following objects are masked from ‘package:base’:

    %in%, match

            param          mean         sd    ess_coda ess_bulk ess_tail
1         Alabama  0.0221348001 0.08459201  611.865010 102.0116 78.79551
2        Arkansas -0.0009246938 0.05245006 1352.454926 102.0116 78.79551
3        Colorado  0.0176731053 0.05212923  328.255680 102.0116 78.79551
4     Connecticut  0.2409621273 0.17272007  144.299771 102.0116 78.79551
5        Delaware  0.0179189850 0.05241746  694.886749 102.0116 78.79551
6         Georgia -0.0101670188 0.11434424  430.607340 102.0116 78.79551
7           Idaho  0.0149034182 0.06172386  479.027362 102.0116 78.79551
8        Illinois  0.0964024391 0.11207226  185.933978 102.0116 78.79551
9         Indiana -0.0281389767 0.04251159  175.540536 102.0116 78.79551
10           Iowa  0.0072189588 0.03686640 1087.937658 102.0116 78.79551
11         Kansas  0.0432978919 0.05635273  647.304070 102.0116 78.79551
12       Kentucky  0.0109859745 0.03394561  273.731924 102.0116 78.79551
13      Louisiana  0.0140707560 0.07165156  728.592113 102.0116 78.79551
14          Maine  0.0471993466 0.07477772  201.448889 102.0116 78.79551
15      Minnesota -0.0064426784 0.03846776 1111.133153 102.0116 78.79551
16    Mississippi -0.0439362571 0.11241201  281.407882 102.0116 78.79551
17       Missouri  0.0131324196 0.12215359  717.392932 102.0116 78.79551
18        Montana  0.1338904629 0.13296561  164.818819 102.0116 78.79551
19       Nebraska  0.0366521371 0.11149642  319.685773 102.0116 78.79551
20         Nevada  0.1938054271 0.04514509  165.753395 102.0116 78.79551
21  New Hampshire  0.0012662724 0.01469969 1082.929825 102.0116 78.79551
22     New Mexico  0.0242565186 0.10132459  247.157313 102.0116 78.79551
23 North Carolina  0.0183996612 0.03864740  189.454170 102.0116 78.79551
24   North Dakota -0.0126883049 0.05437932  344.445077 102.0116 78.79551
25           Ohio  0.0445150190 0.16658446  132.268103 102.0116 78.79551
26       Oklahoma -0.0047362672 0.05342345 1378.363681 102.0116 78.79551
27   Pennsylvania  0.0020861406 0.06720221 1295.890697 102.0116 78.79551
28   Rhode Island  0.0309914620 0.04834991  427.444461 102.0116 78.79551
29 South Carolina  0.0053410399 0.06551894 1388.664858 102.0116 78.79551
30   South Dakota  0.0138469585 0.05958201  975.646908 102.0116 78.79551
31      Tennessee -0.2452912583 0.16726106  106.716849 102.0116 78.79551
32          Texas -0.0057993039 0.06524056 1186.842700 102.0116 78.79551
33           Utah  0.0391128229 0.07930408  824.192499 102.0116 78.79551
34        Vermont -0.0042639564 0.02991531  809.330339 102.0116 78.79551
35       Virginia  0.0194192137 0.06598659  791.197052 102.0116 78.79551
36  West Virginia  0.1172056906 0.09575737  151.464536 102.0116 78.79551
37      Wisconsin  0.0205836207 0.07138159  998.763967 102.0116 78.79551
38        Wyoming  0.0040043224 0.02489014 1450.007744 102.0116 78.79551
39                 0.3130392474 0.02765428    6.016215 102.0116 78.79551
        ess_bm    mcse_mean  acf_lag1     rhat
1   736.823263 0.0031163604 0.5215062 1.285444
2  1235.227758 0.0014923561 0.2105392 1.285444
3   330.540587 0.0028672721 0.5373569 1.285444
4   139.282011 0.0146350860 0.7500583 1.285444
5   758.464422 0.0019033049 0.3662526 1.285444
6   504.959647 0.0050884551 0.5058817 1.285444
7   477.654742 0.0028242039 0.5402985 1.285444
8   176.967913 0.0084246304 0.7211702 1.285444
9   185.325845 0.0031227657 0.6856346 1.285444
10  972.404427 0.0011822445 0.2660707 1.285444
11  557.900120 0.0023858150 0.4715250 1.285444
12  417.547951 0.0016612325 0.5330328 1.285444
13  806.756692 0.0025226347 0.3486902 1.285444
14  255.550679 0.0046777144 0.5963064 1.285444
15  922.006669 0.0012668635 0.3235853 1.285444
16  205.285901 0.0078457259 0.6844092 1.285444
17  790.672201 0.0043441819 0.3584425 1.285444
18  145.084891 0.0110389621 0.7877680 1.285444
19  307.744476 0.0063557351 0.5731800 1.285444
20  178.290402 0.0033810107 0.6837900 1.285444
21  948.907931 0.0004771951 0.3434721 1.285444
22  276.592463 0.0060924881 0.5570996 1.285444
23  158.294290 0.0030717629 0.7408312 1.285444
24  547.645378 0.0023237212 0.3891120 1.285444
25  199.324653 0.0117992386 0.6909733 1.285444
26 1269.736018 0.0014992539 0.3712547 1.285444
27 1163.604452 0.0019700664 0.2990474 1.285444
28  416.756160 0.0023683980 0.5313587 1.285444
29 1163.894354 0.0019204812 0.2994568 1.285444
30  856.136247 0.0020363092 0.3454285 1.285444
31  119.039438 0.0153302560 0.7974552 1.285444
32  996.627465 0.0020665755 0.3113307 1.285444
33  757.695126 0.0028810332 0.3716901 1.285444
34 1309.208299 0.0008267784 0.2057531 1.285444
35  714.044434 0.0024694092 0.4075907 1.285444
36  150.077300 0.0078165427 0.7407334 1.285444
37 1086.974005 0.0021650934 0.2675821 1.285444
38 1419.454416 0.0006606426 0.2356867 1.285444
39    7.578255 0.0100456426 0.9959959 1.285444
