run_timestamp: 2026-02-11 16:06:12 +0900
script: code/03_simulation_main.R
mode: smoke
target: all
mode_purpose: Pipeline integrity check only (not a claim of final manuscript-scale numerical reproduction).
r_version: R version 4.5.0 (2025-04-11)
platform: Darwin 25.3.0 arm64
seed_contract: global set.seed(20251030) and deterministic per-scenario seed vectors
dependency_lock:
- Rcpp==1.0.12
- RcppArmadillo==0.12.4.1.0
- Matrix==1.6.0
- progress==1.2.2
- dplyr==1.1.2
- tidyr==1.3.0
- ggplot2==3.5.2
- stringr==1.5.0
- knitr==1.43
- rmarkdown==2.23
- kableExtra==1.4.0
- ggpattern==1.2.1
- purrr==1.0.1
- readr==2.1.4
- glue==1.6.2
- coda==0.19.4.1
- mcmcse==1.5.0
- posterior==1.6.1
--- script output ---

Attaching package: ‘dplyr’

The following objects are masked from ‘package:stats’:

    filter, lag

The following objects are masked from ‘package:base’:

    intersect, setdiff, setequal, union


Attaching package: ‘kableExtra’

The following object is masked from ‘package:dplyr’:

    group_rows

[seed-init] script=simulation_main global_seed=20251030 mode=smoke
   user  system elapsed 
  1.591   0.061   1.712 
   user  system elapsed 
  1.398   0.015   1.420 
   user  system elapsed 
  1.384   0.011   1.395 

Attaching package: ‘purrr’

The following object is masked _by_ ‘.GlobalEnv’:

    %||%

Synced paper table template: simulation_results.tex
